<?xml version='1.0' encoding='utf-8'?>
<testsuite name="UnityTests" tests="0" failures="0" errors="0" skipped="0" />